SQL> CREATE TABLE TITULACION
  2  (T CHAR(4) PRIMARY KEY, FAC VARCHAR2(60));
CREATE TABLE TITULACION
             *
ERROR at line 1:
ORA-00955: name is already used by an existing object 


SQL> SELECT * FROM TITULACION;

no rows selected

SQL> DROP TABLE TITULACION
  2  ;

Table dropped.

SQL> CREATE TABLE TITULACION
  2  (T CHAR(4) PRIMARY KEY, FAC VARCHAR2(60));

Table created.

SQL> INSERT INTO TITULACION(T)
  2  SELECT DISTINC T
  3  FROM ASIGNATURA;
SELECT DISTINC T
       *
ERROR at line 2:
ORA-00904: "DISTINC": invalid identifier 


SQL> INSERT INTO TITULACION(T)
  2  SELECT DISTINCT T
  3  FROM ASIGNATURA;

4 rows created.

SQL> SELECT *
  2  FROM TITULACION;

T    FAC                                                                        
---- ------------------------------------------------------------               
GF                                                                              
GM                                                                              
GII                                                                             
MII                                                                             

SQL> UPDATE TITULACION
  2  SET FAC=&facultad
  3  WHERE T=&titulacion;
Enter value for facultad: ETSII
old   2: SET FAC=&facultad
new   2: SET FAC=ETSII
Enter value for titulacion: GII
old   3: WHERE T=&titulacion
new   3: WHERE T=GII
WHERE T=GII
        *
ERROR at line 3:
ORA-00904: "GII": invalid identifier 


SQL> UPDATE TITULACION
  2  SET FAC=&facultad
  3  WHERE T=&titulacion;
Enter value for facultad: ETSII
old   2: SET FAC=&facultad
new   2: SET FAC=ETSII
Enter value for titulacion: 'GII' OR 'MII'
old   3: WHERE T=&titulacion
new   3: WHERE T='GII' OR 'MII'
WHERE T='GII' OR 'MII'
                     *
ERROR at line 3:
ORA-00920: invalid relational operator 


SQL> UPDATE TITULACION
  2  SET FAC=&facultad
  3  WHERE T=&titulacion;
Enter value for facultad: 'ETSII'
old   2: SET FAC=&facultad
new   2: SET FAC='ETSII'
Enter value for titulacion: 'GII'
old   3: WHERE T=&titulacion
new   3: WHERE T='GII'

1 row updated.

SQL> UPDATE TITULACION
  2  SET FAC=&facultad
  3  WHERE T=&titulacion;
Enter value for facultad: 'ETSII'
old   2: SET FAC=&facultad
new   2: SET FAC='ETSII'
Enter value for titulacion: 'MII'
old   3: WHERE T=&titulacion
new   3: WHERE T='MII'

1 row updated.

SQL> UPDATE TITULACION
  2  SET FAC=&facultad
  3  WHERE T=&titulacion;
Enter value for facultad: 'FACULTAD DE FISICA Y MATEMATICAS'
old   2: SET FAC=&facultad
new   2: SET FAC='FACULTAD DE FISICA Y MATEMATICAS'
Enter value for titulacion: 'GF' 'GM'
old   3: WHERE T=&titulacion
new   3: WHERE T='GF' 'GM'
WHERE T='GF' 'GM'
             *
ERROR at line 3:
ORA-00933: SQL command not properly ended 


SQL> UPDATE TITULACION
  2  SET FAC=&facultad
  3  WHERE T=&titulacion;
Enter value for facultad: 'FACULTAD DE FISICA'
old   2: SET FAC=&facultad
new   2: SET FAC='FACULTAD DE FISICA'
Enter value for titulacion: 'GF' 
old   3: WHERE T=&titulacion
new   3: WHERE T='GF' 

1 row updated.

SQL> UPDATE TITULACION
  2  SET FAC=&facultad
  3  WHERE T=&titulacion;
Enter value for facultad: 'FACULTAD DE MATEMATICAS'
old   2: SET FAC=&facultad
new   2: SET FAC='FACULTAD DE MATEMATICAS'
Enter value for titulacion: 'GM'
old   3: WHERE T=&titulacion
new   3: WHERE T='GM'

1 row updated.

SQL> SELECT *
  2  FROM TITULACION;

T    FAC                                                                        
---- ------------------------------------------------------------               
GF   FACULTAD DE FISICA                                                         
GM   FACULTAD DE MATEMATICAS                                                    
GII  ETSII                                                                      
MII  ETSII                                                                      

SQL> CREATE SYNONYM TIT
  2  FROM TITULACION;
FROM TITULACION
*
ERROR at line 2:
ORA-00905: missing keyword 


SQL> CREATE SYNONYM TIT
  2  FRO TITULACION;
FRO TITULACION
*
ERROR at line 2:
ORA-00905: missing keyword 


SQL> CREATE SYNONYM TIT
  2  FOR TITULACION;

Synonym created.

SQL> SELECT *
  2  FROM TIT;

T    FAC                                                                        
---- ------------------------------------------------------------               
GF   FACULTAD DE FISICA                                                         
GM   FACULTAD DE MATEMATICAS                                                    
GII  ETSII                                                                      
MII  ETSII                                                                      

SQL> ALTER TABLE ASIGNATURA
  2  ADD (CONSTRAINT FK_ASIGNATURA_TITULACION FOREIGEN KEY(T)
  3  REFERENCES TITULACION (T) ON DELETE CASCADE);
ADD (CONSTRAINT FK_ASIGNATURA_TITULACION FOREIGEN KEY(T)
                                                     *
ERROR at line 2:
ORA-00907: missing right parenthesis 


SQL> ALTER TABLE ASIGNATURA
  2  ADD (CONSTRAINT FK_ASIGNATURA_TITULACION FOREIGEN KEY(T)
  3  REFERENCES TITULACION (T) ON DELETE CASCADE);
ADD (CONSTRAINT FK_ASIGNATURA_TITULACION FOREIGEN KEY(T)
                                                     *
ERROR at line 2:
ORA-00907: missing right parenthesis 


SQL> ALTER TABLE ASIGNATURA
  2  ADD (CONSTRAINT FK_ASIGNATURA_TITULACION
  3  FOREUGEN KEY (T)
  4  REFERENCES TITULACION (T) ON DELETE CASCADE);
FOREUGEN KEY (T)
             *
ERROR at line 3:
ORA-00907: missing right parenthesis 


SQL> ALTER TABLE ASIGNATURA
  2  ADD (CONSTRAINT FK_ASIGNATURA_TITULACION
  3  REFERENCES TITULACION (T)
  4  ON DELETE CASCADE);
REFERENCES TITULACION (T)
                      *
ERROR at line 3:
ORA-00907: missing right parenthesis 


SQL> ALTER TABLE ASIGNATURA
  2  ADD (CONSTRAINT FK_ASIGNATURA_TITULACION
  3  FOREUGEN KEY (T)
  4  REFERENCES TITULACION (T)
  5  ON DELETE CASCADE);
FOREUGEN KEY (T)
             *
ERROR at line 3:
ORA-00907: missing right parenthesis 


SQL> ALTER TABLE ASIGNATURA
  2  ADD CONSTRAINT FK_ASIGNATURA_TITULACION
  3  FOREUGEN KEY (T)
  4  REFERENCES TITULACION (T)
  5  ON DELETE CASCADE;
FOREUGEN KEY (T)
              *
ERROR at line 3:
ORA-01735: invalid ALTER TABLE option 


SQL> ALTER TABLE ASIGNATURA
  2  ADD CONSTRAINT FK_ASIGNATURA_TITULACION
  3  FOREUGEN KEY(T)
  4  REFERENCES TITULACION (T)
  5  
SQL> 
SQL> ALTER TABLE ASIGNATURA
  2  ADD CONSTRAINT FK_ASIGNATURA_TITULACION
  3  FOREIGN KEY(T)
  4  REFERENCES TITULACION (T)
  5  ON DELETE CASCADE;

Table altered.

SQL> ALTER TABLE TITULACION
  2  MODIFY T CHAR(6);
ALTER TABLE TITULACION
*
ERROR at line 1:
ORA-02292: integrity constraint (ALU0100768152.FK_ASIGNATURA_TITULACION) 
violated - child record found 


SQL> ALTER TABLE ASIGNATURA
  2  DISABLE CONSTRAINT FK_ASIGNATURA_TITULACION;

Table altered.

SQL> ALTER TABLE TITULACION
  2  MODIFY T CHAR(6);

Table altered.

SQL> ALTER TABLE ASIGNATURA
  2  ENABLE CONSTRAINT FK_ASIGNATURA_TITULACION;

Table altered.

SQL> CREATE VIEW VISTA1
  2  
SQL> 
SQL> CREATE VIEW VISTA1
  2  AS SELECT CAS, A,T,CUR,CAR
  3  FROM ASIGNATURA;

View created.

SQL> SELECT *
  2  FROM VISTA1;

       CAS A                                                  T           CUR   
---------- -------------------------------------------------- ---- ----------   
       CAR                                                                      
----------                                                                      
         1 BASES DE DATOS                                     GII           3   
         7                                                                      
                                                                                
         2 INTELIGENCIA ARTIFICIAL                            GII           3   
         4                                                                      
                                                                                
         3 ALMACENES DE DATOS                                 MII           1   
         7                                                                      
                                                                                

       CAS A                                                  T           CUR   
---------- -------------------------------------------------- ---- ----------   
       CAR                                                                      
----------                                                                      
         4 MINERIA DE DATOS                                   MII           1   
         7                                                                      
                                                                                
         5 INFORMATICA BASICA                                 GII           1   
         7                                                                      
                                                                                
         6 ALGEBRA                                            GII           1   
         1                                                                      
                                                                                

       CAS A                                                  T           CUR   
---------- -------------------------------------------------- ---- ----------   
       CAR                                                                      
----------                                                                      
         7 CALCULO                                            GII           1   
         8                                                                      
                                                                                
         8 OPTIMIZACION                                       GII           1   
         6                                                                      
                                                                                
         9 GESTION DE RIESGOS                                 GII           3   
         4                                                                      
                                                                                

       CAS A                                                  T           CUR   
---------- -------------------------------------------------- ---- ----------   
       CAR                                                                      
----------                                                                      
        10 ASTRONOMIA                                         GF            2   
         3                                                                      
                                                                                
        11 ENSENANZA DE LA MATEMATICA                         GM            2   
         5                                                                      
                                                                                
        12 ANALISIS COMPLEJO                                  GM            4   
         2                                                                      
                                                                                

12 rows selected.

SQL> SELECT *
  2  FROM VISTA1;

       CAS A                                                  T           CUR   
---------- -------------------------------------------------- ---- ----------   
       CAR                                                                      
----------                                                                      
         1 BASES DE DATOS                                     GII           3   
         7                                                                      
                                                                                
         2 INTELIGENCIA ARTIFICIAL                            GII           3   
         4                                                                      
                                                                                
         3 ALMACENES DE DATOS                                 MII           1   
         7                                                                      
                                                                                

       CAS A                                                  T           CUR   
---------- -------------------------------------------------- ---- ----------   
       CAR                                                                      
----------                                                                      
         4 MINERIA DE DATOS                                   MII           1   
         7                                                                      
                                                                                
         5 INFORMATICA BASICA                                 GII           1   
         7                                                                      
                                                                                
         6 ALGEBRA                                            GII           1   
         1                                                                      
                                                                                

       CAS A                                                  T           CUR   
---------- -------------------------------------------------- ---- ----------   
       CAR                                                                      
----------                                                                      
         7 CALCULO                                            GII           1   
         8                                                                      
                                                                                
         8 OPTIMIZACION                                       GII           1   
         6                                                                      
                                                                                
         9 GESTION DE RIESGOS                                 GII           3   
         4                                                                      
                                                                                

       CAS A                                                  T           CUR   
---------- -------------------------------------------------- ---- ----------   
       CAR                                                                      
----------                                                                      
        10 ASTRONOMIA                                         GF            2   
         3                                                                      
                                                                                
        11 ENSENANZA DE LA MATEMATICA                         GM            2   
         5                                                                      
                                                                                
        12 ANALISIS COMPLEJO                                  GM            4   
         2                                                                      
                                                                                

12 rows selected.

SQL> INSERT INTO VISTA1
  2  VALUES(13,'ESTADISTICA','GII',3,7);
INSERT INTO VISTA1
*
ERROR at line 1:
ORA-02291: integrity constraint (ALU0100768152.FK_ASIGNATURA_TITULACION) 
violated - parent key not found 


SQL> ALTER TABLE ASIGNATURA
  2  DISABLE CONSTRAINT FK_ASIGNATURA_TITULACION;

Table altered.

SQL> INSERT INTO VISTA1
  2  VALUES(13,'ESTADISTICA','GII',3,7);

1 row created.

SQL> ALTER TABLE ASIGNATURA
  2  ENABLE CONSTRAINT FK_ASIGNATURA_TITULACION;

Table altered.

SQL> SELECT * FROM VISTA1;

       CAS A                                                  T           CUR   
---------- -------------------------------------------------- ---- ----------   
       CAR                                                                      
----------                                                                      
        13 ESTADISTICA                                        GII           3   
         7                                                                      
                                                                                
         1 BASES DE DATOS                                     GII           3   
         7                                                                      
                                                                                
         2 INTELIGENCIA ARTIFICIAL                            GII           3   
         4                                                                      
                                                                                

       CAS A                                                  T           CUR   
---------- -------------------------------------------------- ---- ----------   
       CAR                                                                      
----------                                                                      
         3 ALMACENES DE DATOS                                 MII           1   
         7                                                                      
                                                                                
         4 MINERIA DE DATOS                                   MII           1   
         7                                                                      
                                                                                
         5 INFORMATICA BASICA                                 GII           1   
         7                                                                      
                                                                                

       CAS A                                                  T           CUR   
---------- -------------------------------------------------- ---- ----------   
       CAR                                                                      
----------                                                                      
         6 ALGEBRA                                            GII           1   
         1                                                                      
                                                                                
         7 CALCULO                                            GII           1   
         8                                                                      
                                                                                
         8 OPTIMIZACION                                       GII           1   
         6                                                                      
                                                                                

       CAS A                                                  T           CUR   
---------- -------------------------------------------------- ---- ----------   
       CAR                                                                      
----------                                                                      
         9 GESTION DE RIESGOS                                 GII           3   
         4                                                                      
                                                                                
        10 ASTRONOMIA                                         GF            2   
         3                                                                      
                                                                                
        11 ENSENANZA DE LA MATEMATICA                         GM            2   
         5                                                                      
                                                                                

       CAS A                                                  T           CUR   
---------- -------------------------------------------------- ---- ----------   
       CAR                                                                      
----------                                                                      
        12 ANALISIS COMPLEJO                                  GM            4   
         2                                                                      
                                                                                

13 rows selected.

SQL> SELECT * FROM VISTA1;

       CAS A                                                  T           CUR   
---------- -------------------------------------------------- ---- ----------   
       CAR                                                                      
----------                                                                      
        13 ESTADISTICA                                        GII           3   
         7                                                                      
                                                                                
         1 BASES DE DATOS                                     GII           3   
         7                                                                      
                                                                                
         2 INTELIGENCIA ARTIFICIAL                            GII           3   
         4                                                                      
                                                                                

       CAS A                                                  T           CUR   
---------- -------------------------------------------------- ---- ----------   
       CAR                                                                      
----------                                                                      
         3 ALMACENES DE DATOS                                 MII           1   
         7                                                                      
                                                                                
         4 MINERIA DE DATOS                                   MII           1   
         7                                                                      
                                                                                
         5 INFORMATICA BASICA                                 GII           1   
         7                                                                      
                                                                                

       CAS A                                                  T           CUR   
---------- -------------------------------------------------- ---- ----------   
       CAR                                                                      
----------                                                                      
         6 ALGEBRA                                            GII           1   
         1                                                                      
                                                                                
         7 CALCULO                                            GII           1   
         8                                                                      
                                                                                
         8 OPTIMIZACION                                       GII           1   
         6                                                                      
                                                                                

       CAS A                                                  T           CUR   
---------- -------------------------------------------------- ---- ----------   
       CAR                                                                      
----------                                                                      
         9 GESTION DE RIESGOS                                 GII           3   
         4                                                                      
                                                                                
        10 ASTRONOMIA                                         GF            2   
         3                                                                      
                                                                                
        11 ENSENANZA DE LA MATEMATICA                         GM            2   
         5                                                                      
                                                                                

       CAS A                                                  T           CUR   
---------- -------------------------------------------------- ---- ----------   
       CAR                                                                      
----------                                                                      
        12 ANALISIS COMPLEJO                                  GM            4   
         2                                                                      
                                                                                

13 rows selected.

SQL> SELECT * FROM VISTA1;

       CAS A                                                  T           CUR   
---------- -------------------------------------------------- ---- ----------   
       CAR                                                                      
----------                                                                      
        13 ESTADISTICA                                        GII           3   
         7                                                                      
                                                                                
         1 BASES DE DATOS                                     GII           3   
         7                                                                      
                                                                                
         2 INTELIGENCIA ARTIFICIAL                            GII           3   
         4                                                                      
                                                                                

       CAS A                                                  T           CUR   
---------- -------------------------------------------------- ---- ----------   
       CAR                                                                      
----------                                                                      
         3 ALMACENES DE DATOS                                 MII           1   
         7                                                                      
                                                                                
         4 MINERIA DE DATOS                                   MII           1   
         7                                                                      
                                                                                
         5 INFORMATICA BASICA                                 GII           1   
         7                                                                      
                                                                                

       CAS A                                                  T           CUR   
---------- -------------------------------------------------- ---- ----------   
       CAR                                                                      
----------                                                                      
         6 ALGEBRA                                            GII           1   
         1                                                                      
                                                                                
         7 CALCULO                                            GII           1   
         8                                                                      
                                                                                
         8 OPTIMIZACION                                       GII           1   
         6                                                                      
                                                                                

       CAS A                                                  T           CUR   
---------- -------------------------------------------------- ---- ----------   
       CAR                                                                      
----------                                                                      
         9 GESTION DE RIESGOS                                 GII           3   
         4                                                                      
                                                                                
        10 ASTRONOMIA                                         GF            2   
         3                                                                      
                                                                                
        11 ENSENANZA DE LA MATEMATICA                         GM            2   
         5                                                                      
                                                                                

       CAS A                                                  T           CUR   
---------- -------------------------------------------------- ---- ----------   
       CAR                                                                      
----------                                                                      
        12 ANALISIS COMPLEJO                                  GM            4   
         2                                                                      
                                                                                

13 rows selected.

SQL> SELECT *
  2  FROM ASIGNATURA;

       CAS A                                                  T           CUR   
---------- -------------------------------------------------- ---- ----------   
       CAR         CT         CP         CL                                     
---------- ---------- ---------- ----------                                     
        13 ESTADISTICA                                        GII           3   
         7          0          0          0                                     
                                                                                
         1 BASES DE DATOS                                     GII           3   
         7          3        1.5        1.5                                     
                                                                                
         2 INTELIGENCIA ARTIFICIAL                            GII           3   
         4        1.5        1.5          3                                     
                                                                                

       CAS A                                                  T           CUR   
---------- -------------------------------------------------- ---- ----------   
       CAR         CT         CP         CL                                     
---------- ---------- ---------- ----------                                     
         3 ALMACENES DE DATOS                                 MII           1   
         7        1.5          0        1.5                                     
                                                                                
         4 MINERIA DE DATOS                                   MII           1   
         7        1.5          0        1.5                                     
                                                                                
         5 INFORMATICA BASICA                                 GII           1   
         7          3        1.5        1.5                                     
                                                                                

       CAS A                                                  T           CUR   
---------- -------------------------------------------------- ---- ----------   
       CAR         CT         CP         CL                                     
---------- ---------- ---------- ----------                                     
         6 ALGEBRA                                            GII           1   
         1          3          3          0                                     
                                                                                
         7 CALCULO                                            GII           1   
         8          3          3          0                                     
                                                                                
         8 OPTIMIZACION                                       GII           1   
         6          3        1.5        1.5                                     
                                                                                

       CAS A                                                  T           CUR   
---------- -------------------------------------------------- ---- ----------   
       CAR         CT         CP         CL                                     
---------- ---------- ---------- ----------                                     
         9 GESTION DE RIESGOS                                 GII           3   
         4          3          0          3                                     
                                                                                
        10 ASTRONOMIA                                         GF            2   
         3          3        1.5        1.5                                     
                                                                                
        11 ENSENANZA DE LA MATEMATICA                         GM            2   
         5          6          0          0                                     
                                                                                

       CAS A                                                  T           CUR   
---------- -------------------------------------------------- ---- ----------   
       CAR         CT         CP         CL                                     
---------- ---------- ---------- ----------                                     
        12 ANALISIS COMPLEJO                                  GM            4   
         2        4.5          3          0                                     
                                                                                

13 rows selected.

SQL> SELECT *
  2  FROM ASIGNATURA;

       CAS A                                                  T           CUR   
---------- -------------------------------------------------- ---- ----------   
       CAR         CT         CP         CL                                     
---------- ---------- ---------- ----------                                     
        13 ESTADISTICA                                        GII           3   
         7          0          0          0                                     
                                                                                
         1 BASES DE DATOS                                     GII           3   
         7          3        1.5        1.5                                     
                                                                                
         2 INTELIGENCIA ARTIFICIAL                            GII           3   
         4        1.5        1.5          3                                     
                                                                                

       CAS A                                                  T           CUR   
---------- -------------------------------------------------- ---- ----------   
       CAR         CT         CP         CL                                     
---------- ---------- ---------- ----------                                     
         3 ALMACENES DE DATOS                                 MII           1   
         7        1.5          0        1.5                                     
                                                                                
         4 MINERIA DE DATOS                                   MII           1   
         7        1.5          0        1.5                                     
                                                                                
         5 INFORMATICA BASICA                                 GII           1   
         7          3        1.5        1.5                                     
                                                                                

       CAS A                                                  T           CUR   
---------- -------------------------------------------------- ---- ----------   
       CAR         CT         CP         CL                                     
---------- ---------- ---------- ----------                                     
         6 ALGEBRA                                            GII           1   
         1          3          3          0                                     
                                                                                
         7 CALCULO                                            GII           1   
         8          3          3          0                                     
                                                                                
         8 OPTIMIZACION                                       GII           1   
         6          3        1.5        1.5                                     
                                                                                

       CAS A                                                  T           CUR   
---------- -------------------------------------------------- ---- ----------   
       CAR         CT         CP         CL                                     
---------- ---------- ---------- ----------                                     
         9 GESTION DE RIESGOS                                 GII           3   
         4          3          0          3                                     
                                                                                
        10 ASTRONOMIA                                         GF            2   
         3          3        1.5        1.5                                     
                                                                                
        11 ENSENANZA DE LA MATEMATICA                         GM            2   
         5          6          0          0                                     
                                                                                

       CAS A                                                  T           CUR   
---------- -------------------------------------------------- ---- ----------   
       CAR         CT         CP         CL                                     
---------- ---------- ---------- ----------                                     
        12 ANALISIS COMPLEJO                                  GM            4   
         2        4.5          3          0                                     
                                                                                

13 rows selected.

SQL> 
SQL> 
SQL> 
SQL> 
SQL> 
SQL> 
SQL> 
SQL> 
SQL> 
SQL> 
SQL> 
SQL> 
SQL> 
SQL> 
SQL> 
SQL> 
SQL> 
SQL> UPDATE VISTA1
  2  SET CAR=6
  3  WHERE CAS=13;

1 row updated.

SQL> SELECT *
  2  FROM VISTA1;

       CAS A                                                  T           CUR   
---------- -------------------------------------------------- ---- ----------   
       CAR                                                                      
----------                                                                      
        13 ESTADISTICA                                        GII           3   
         6                                                                      
                                                                                
         1 BASES DE DATOS                                     GII           3   
         7                                                                      
                                                                                
         2 INTELIGENCIA ARTIFICIAL                            GII           3   
         4                                                                      
                                                                                

       CAS A                                                  T           CUR   
---------- -------------------------------------------------- ---- ----------   
       CAR                                                                      
----------                                                                      
         3 ALMACENES DE DATOS                                 MII           1   
         7                                                                      
                                                                                
         4 MINERIA DE DATOS                                   MII           1   
         7                                                                      
                                                                                
         5 INFORMATICA BASICA                                 GII           1   
         7                                                                      
                                                                                

       CAS A                                                  T           CUR   
---------- -------------------------------------------------- ---- ----------   
       CAR                                                                      
----------                                                                      
         6 ALGEBRA                                            GII           1   
         1                                                                      
                                                                                
         7 CALCULO                                            GII           1   
         8                                                                      
                                                                                
         8 OPTIMIZACION                                       GII           1   
         6                                                                      
                                                                                

       CAS A                                                  T           CUR   
---------- -------------------------------------------------- ---- ----------   
       CAR                                                                      
----------                                                                      
         9 GESTION DE RIESGOS                                 GII           3   
         4                                                                      
                                                                                
        10 ASTRONOMIA                                         GF            2   
         3                                                                      
                                                                                
        11 ENSENANZA DE LA MATEMATICA                         GM            2   
         5                                                                      
                                                                                

       CAS A                                                  T           CUR   
---------- -------------------------------------------------- ---- ----------   
       CAR                                                                      
----------                                                                      
        12 ANALISIS COMPLEJO                                  GM            4   
         2                                                                      
                                                                                

13 rows selected.

SQL> CREATE VIEW VISTA2
  2  AS SELECT DISTINCT(DNI),A,T,CUR,CAR
  3  FROM PLAN_DOCENTE NATURAL JOIN
  4  
SQL> CREATE VIEW VISTA2
  2  AS SELECT DISTINCT(DNI),A,T,CUR,CAR
  3  FROM PLAN_DOCENTE NATURAL JOIN VISTA1;

View created.

SQL> SELECT *
  2  FROM VISTA2;

       DNI A                                                  T           CUR   
---------- -------------------------------------------------- ---- ----------   
       CAR                                                                      
----------                                                                      
      6666 ASTRONOMIA                                         GF            2   
         3                                                                      
                                                                                
      3030 OPTIMIZACION                                       GII           1   
         6                                                                      
                                                                                
      3333 GESTION DE RIESGOS                                 GII           3   
         4                                                                      
                                                                                

       DNI A                                                  T           CUR   
---------- -------------------------------------------------- ---- ----------   
       CAR                                                                      
----------                                                                      
      4444 INFORMATICA BASICA                                 GII           1   
         7                                                                      
                                                                                
      2222 ALMACENES DE DATOS                                 MII           1   
         7                                                                      
                                                                                
      7777 ANALISIS COMPLEJO                                  GM            4   
         2                                                                      
                                                                                

       DNI A                                                  T           CUR   
---------- -------------------------------------------------- ---- ----------   
       CAR                                                                      
----------                                                                      
      9999 CALCULO                                            GII           1   
         8                                                                      
                                                                                
      1010 GESTION DE RIESGOS                                 GII           3   
         4                                                                      
                                                                                
      3333 INTELIGENCIA ARTIFICIAL                            GII           3   
         4                                                                      
                                                                                

       DNI A                                                  T           CUR   
---------- -------------------------------------------------- ---- ----------   
       CAR                                                                      
----------                                                                      
      4444 MINERIA DE DATOS                                   MII           1   
         7                                                                      
                                                                                
      8888 ENSENANZA DE LA MATEMATICA                         GM            2   
         5                                                                      
                                                                                
      1111 OPTIMIZACION                                       GII           1   
         6                                                                      
                                                                                

       DNI A                                                  T           CUR   
---------- -------------------------------------------------- ---- ----------   
       CAR                                                                      
----------                                                                      
      4444 BASES DE DATOS                                     GII           3   
         7                                                                      
                                                                                
      5555 ALGEBRA                                            GII           1   
         1                                                                      
                                                                                
      1010 INTELIGENCIA ARTIFICIAL                            GII           3   
         4                                                                      
                                                                                

       DNI A                                                  T           CUR   
---------- -------------------------------------------------- ---- ----------   
       CAR                                                                      
----------                                                                      
      2020 ALMACENES DE DATOS                                 MII           1   
         7                                                                      
                                                                                
      2222 MINERIA DE DATOS                                   MII           1   
         7                                                                      
                                                                                

17 rows selected.

SQL> UPDATE VISTA2
  2  SET A = 'OPT' WHEREOPTIMIZACION A =
  3  
SQL> 
SQL> UPDATE VISTA2
  2  SET A = 'OPT' WHERE A= 'OPTIMIZACION';
UPDATE VISTA2
       *
ERROR at line 1:
ORA-01732: data manipulation operation not legal on this view 
                                                                                                                                                   
SQL> SPOOL OFF
