SQL> SELECT SYSDATE
  2  FROM DUAL;

SYSDATE                                                                         
---------                                                                       
28-NOV-17                                                                       

SQL> SELECT TO_CHAR(SYSDATE,'HH:MI:SS')
  2  FROM DUAL;

TO_CHAR(                                                                        
--------                                                                        
05:16:27                                                                        

SQL> SELECT TO_CHAR(SYSDATE, 'DAY:DD:MON:YY')
  2  FROM DUAL;

TO_CHAR(SYSDATE,'DAY:DD:MON:YY')                                                
-------------------------------------------------------                         
TUESDAY  :28:NOV:17                                                             

SQL> SELECT TO_CHAR(SYSDATE,'HH:MI:SS')
  2  FROM DUAL;

TO_CHAR(                                                                        
--------                                                                        
05:18:53                                                                        

SQL> SELECT (SELECT SYSDATE
  2  FROM DUAL) - FI
  3  FROM PLAN_DOCENTE
  4  WHERE DNI=8888 AND CAS=11;

(SELECTSYSDATEFROMDUAL)-FI                                                      
--------------------------                                                      
                3010.72228                                                      

SQL> SELECT P
  2  FROM PROFESOR
  3  WHERE DNI IN (SELECT DNI
  4  FROM PLAN_DOCENTE
  5  WHERE(FF-FI)>365);

P                                                                               
------------------------------------------------------------                    
JUAN                                                                            
MARIA                                                                           
CARMEN                                                                          
DAVID                                                                           

SQL> SELECT COUNT(P)
  2  FROM PROFESOR
  3  WHERE CAR IN (SELECT CAR
  4  FROM AREA
  5  WHERE CD IN (SELECT CD
  6  FROM DEPARTAMENTO
  7  WHERE D='ASTROFISICA'));

  COUNT(P)                                                                      
----------                                                                      
         1                                                                      

SQL> SELECT D,COUNT(SELECT P
  2  FROM PROFESOR
  3  WHERE CAR IN (SELECT CAR
  4  FROM AREA
  5  WHERE CD IN (SELECT CD
  6  FROM DEPARTAMENTO
  7  )));
SELECT D,COUNT(SELECT P
               *
ERROR at line 1:
ORA-00936: missing expression 


SQL> SELECT D, COUNT(P)
  2  FROM DEPARTAMENTO,AREA,PROFESOR
  3  WHERE (DEPARTAMENTO.CD=AREA.CD AND PROFESOR.CAR=AREA.CAR)
  4  GRUP BY D ORDER BY D;
GRUP BY D ORDER BY D
*
ERROR at line 4:
ORA-00933: SQL command not properly ended 


SQL> SELECT D, COUNT(P)
  2  FROM DEPARTAMENTO,AREA,PROFESOR
  3  WHERE (DEPARTAMENTO.CD=AREA.CD AND PROFESOR.CAR=AREA.CAR)
  4  GROUP BY D ORDER BY D;

D                                                              COUNT(P)         
------------------------------------------------------------ ----------         
ANALISIS MATEMATICO                                                   3         
ASTROFISICA                                                           1         
ESTADISTICA, INVESTIGACION OPERATIVA Y COMPUTACION                    7         
MATEMATICA FUNDAMENTAL                                                1         

SQL> SELECT COUNT(DISTINCT T)
  2  FROM ASIGNATURA
  3  WHERE CAR IN (SELECT CAR
  4  FROM AREA
  5  WHERE CD IN(SELECT CD
  6  FROM DEPARTAMENTO
  7  WHERE D='ESTADISTICA, INVESTIGACION OPERATIVA Y COMPUTACION'));

COUNT(DISTINCTT)                                                                
----------------                                                                
               2                                                                

SQL> SELECT COUNT(P)
  2  FROM PROFESOR
  3  WHERE CAR IN(SELECT CAR
  4  FROM AREA
  5  WHERE AR LIKE 'A%');

  COUNT(P)                                                                      
----------                                                                      
         3                                                                      

SQL> SELECT T,COUNT(A)
  2  FROM ASIGNATURA
  3  GROUP BY T ORDER BY T;

T      COUNT(A)                                                                 
---- ----------                                                                 
GF            1                                                                 
GII           7                                                                 
GM            2                                                                 
MII           2                                                                 

SQL> SELECT A
  2  FROM ASIGNATURA
  3  WHERE CT IN(SELECT MAX(CT)
  4  FROM ASIGNATURA);

A                                                                               
--------------------------------------------------                              
ENSENANZA DE LA MATEMATICA                                                      

SQL> SELECT A
  2  FROM ASIGNATURA
  3  WHERE CT IN(SELECT MIN(CT)
  4  FROM ASIGNATURA);

A                                                                               
--------------------------------------------------                              
INTELIGENCIA ARTIFICIAL                                                         
ALMACENES DE DATOS                                                              
MINERIA DE DATOS                                                                

SQL> SELECT A, (CT+CP+CL) CREDITOS
  2  FROM ASIGNATURA;

A                                                    CREDITOS                   
-------------------------------------------------- ----------                   
BASES DE DATOS                                              6                   
INTELIGENCIA ARTIFICIAL                                     6                   
ALMACENES DE DATOS                                          3                   
MINERIA DE DATOS                                            3                   
INFORMATICA BASICA                                          6                   
ALGEBRA                                                     6                   
CALCULO                                                     6                   
OPTIMIZACION                                                6                   
GESTION DE RIESGOS                                          6                   
ASTRONOMIA                                                  6                   
ENSENANZA DE LA MATEMATICA                                  6                   

A                                                    CREDITOS                   
-------------------------------------------------- ----------                   
ANALISIS COMPLEJO                                         7.5                   

12 rows selected.

SQL> SELECT A
  2  FROM ASIGNATURA
  3  WHERE MAX(CT+CP+CL);
WHERE MAX(CT+CP+CL)
      *
ERROR at line 3:
ORA-00934: group function is not allowed here 


SQL> SELECT A
  2  WHERE MAX(CT+CP+CL);
WHERE MAX(CT+CP+CL)
*
ERROR at line 2:
ORA-00923: FROM keyword not found where expected 


SQL> SELECT A
  2  FROM ASIGNATURA
  3  WHERE CT+CP+CL IN (SELECT MAX(CT+CP+CL);
WHERE CT+CP+CL IN (SELECT MAX(CT+CP+CL)
                                      *
ERROR at line 3:
ORA-00923: FROM keyword not found where expected 


SQL> SELECT A
  2  FROM ASIGNATURA
  3  WHERE CT+CP+CL IN (SELECT MAX(CT+CP+CL)
  4  FROM SIGNATURA);
FROM SIGNATURA)
     *
ERROR at line 4:
ORA-00942: table or view does not exist 


SQL> SELECT A
  2  FROM ASIGNATURA
  3  WHERE CT+CP+CL IN (SELECT MAX(CT+CP+CL)
  4  FROM ASIGNATURA);

A                                                                               
--------------------------------------------------                              
ANALISIS COMPLEJO                                                               

SQL> SELECT A
  2  FROM ASIGNATURA
  3  WHERE CT+CP+CL IN (SELECT MIN(CT+CP+CL)
  4  FROM SIGNATURA);
FROM SIGNATURA)
     *
ERROR at line 4:
ORA-00942: table or view does not exist 


SQL> SELECT A
  2  FROM ASIGNATURA
  3  WHERE CT+CP+CL IN (SELECT MIN(CT+CP+CL)
  4  FROM ASIGNATURA);

A                                                                               
--------------------------------------------------                              
ALMACENES DE DATOS                                                              
MINERIA DE DATOS                                                                

SQL> SELECT AR
  2  FROM AREA
  3  WHERE CAR IN(SELECT CAR
  4  FROM ASIGNATURA
  5  WHERE CT+CP+CL IN(SELECT MAX(CT+CP+CL)
  6  FROM ASIGNATURA));

AR                                                                              
------------------------------------------------------------                    
ANALISIS MATEMATICO                                                             

SQL> SELECT COUNT(DISTINCT CAS)
  2  FROM PLAN_DOCENTE
  3  WHERE DNI='1111';

COUNT(DISTINCTCAS)                                                              
------------------                                                              
                 1                                                              

SQL> SELECT CTA+CPA+CLA
  2  FROM PLAN_DOCENTE
  3  WHERE DNI='1111';

CTA+CPA+CLA                                                                     
-----------                                                                     
          6                                                                     
          3                                                                     

SQL> SELECT SUM(CTA+CPA+CLA)
  2  FROM PLAN_DOCENTE
  3  WHERE DNI='1111';

SUM(CTA+CPA+CLA)                                                                
----------------                                                                
               9                                                                

SQL> SELECT P
  2  FROM PROFESOR
  3  WHERE DNI IN (SELECT DNI
  4  FROM PLAM_DOCENTE
  5  WHERE CTA+CPA+CLA IN (SELECT MAX(CTA+CPA+CLA)
  6  FROM PLAN_DOCENTE) AND (FF IS NULL));
FROM PLAM_DOCENTE
     *
ERROR at line 4:
ORA-00942: table or view does not exist 


SQL> SELECT P
  2  FROM PROFESOR
  3  WHERE DNI IN (SELECT DNI
  4  FROM PLAN_DOCENTE
  5  WHERE CTA+CPA+CLA IN (SELECT MAX(CTA+CPA+CLA)
  6  FROM PLAN_DOCENTE) AND (FF IS NULL));

P                                                                               
------------------------------------------------------------                    
MARIO                                                                           

SQL> SELECT AVG(COUNT(A))
  2  FROM ASIGNATURA
  3  GROUP BY CAR;

AVG(COUNT(A))                                                                   
-------------                                                                   
          1.5                                                                   

SQL> SELECT AVG(COUNT P)
  2  FROM PROFESOR, AREA
  3  WHERE PROFESOR.CAR=AREA.CAR
  4  GROUP BY CD;
SELECT AVG(COUNT P)
                 *
ERROR at line 1:
ORA-00907: missing right parenthesis 


SQL> SELECT AVG(COUNT (P))
  2  FROM PROFESOR, AREA
  3  WHERE PROFESOR.CAR=AREA.CAR
  4  GROUP BY CD;

AVG(COUNT(P))                                                                   
-------------                                                                   
            3                                                                   

SQL> SELECT AR
  2  FROM AREA
  3  WHERE CAR IN (SELECT CAR FROM ASIGNATURA
  4  GROUP BY CAR
  5  HAVING COUNT(CAR)>3);

AR                                                                              
------------------------------------------------------------                    
LENGUAJES Y SISTEMAS INFORMATICOS                                               

SQL> SELECT AR
  2  FROM AREA
  3  WHERE CAR IN (SELECT CAR FROM ASIGNATURA
  4  GROUP BY CAR
  5  HAVING COUNT(CAR)>6);

no rows selected

SQL> SELECT D
  2  FROM DEPARTAMENTO,AREA,PROFESOR
  3  WHERE PROFESOR.CAR=AREA.CAR AND AREA.CD=DEPARTAMENTO.CD
  4  GROUP BY D
  5  HAVING COUNT(DNI)=(SELECT MIN(COUNT(DNI))
  6  FROM DEPARTAMENTO,AREA,PROFESOR
  7  WHERE PROFESOR.CAR AND AREA.CD=DEPARTAMENTO.CD
  8  GROUP BY D);
WHERE PROFESOR.CAR AND AREA.CD=DEPARTAMENTO.CD
                   *
ERROR at line 7:
ORA-00920: invalid relational operator 


SQL> SELECT D
  2  FROM DEPARTAMENTO,AREA,PROFESOR
  3  WHERE PROFESOR.CAR=AREA.CAR AND AREA.CD=DEPARTAMENTO.CD
  4  GROUP BY D
  5  HAVING COUNT(DNI)=(SELECT MIN(COUNT(DNI))
  6  FROM DEPARTAMENTO,AREA,PROFESOR
  7  WHERE PROFESOR.CAR=AREA.CAR AND AREA.CD=DEPARTAMENTO.CD
  8  GROUP BY D);

D                                                                               
------------------------------------------------------------                    
ASTROFISICA                                                                     
MATEMATICA FUNDAMENTAL                                                          

SQL> SPOOL OFF
