SQL> SELECT P
  2  FROM PROFESOR
  3  WHERE DNI IN( SELECT DNI
  4  FROM PLAN_DOCENTE
  5  WHERE FF IS NULL AND CAS IN (SELECT CAS
  6  FROM ASIGNATURA
  7  WHERE T='GII') INTERSECT (SELECT CAS
  8  FROM ASIGNATURA
  9  WHERE T='MII')));
WHERE T='MII')))
               *
ERROR at line 9:
ORA-00933: SQL command not properly ended 


SQL> SELECT P
  2  FROM PROFESOR
  3  WHERE DNI IN( SELECT DNI
  4  FROM PLAN_DOCENTE
  5  WHERE FF IS NULL AND CAS IN ((SELECT CAS
  6  FROM ASIGNATURA
  7  WHERE T='GII') INTERSECT (SELECT CAS
  8  FROM ASIGNATURA
  9  WHERE T='MII')));

no rows selected

SQL> SELECT P
  2  FROM PROFESOR
  3  WHERE DNI NOT IN (SELECT DNI
  4  FROM PLAN_DOCENTE) OR DNI IN (SELECT DNI
  5  FROM PLAN_DOCENTE
  6  WHERE FF IS NOT NULL);

P                                                                               
------------------------------------------------------------                    
JUAN                                                                            
CARLOS                                                                          
MARIA                                                                           
CARMEN                                                                          
DAVID                                                                           

SQL> SELECT P
  2  FROM PROFESOR
  3  WHERE DNI IN (SELECT DISTINCT DNI
  4  FROM PLAN_DOCENTE MINUS SELECT DISTINCT DNI
  5  FROM PLAN_DOCENTE WHERE FF IS NULL);

P                                                                               
------------------------------------------------------------                    
CARMEN                                                                          

SQL> SELECT A
  2  FROM ASIGNATURA
  3  WHERE T='GII';

A                                                                               
--------------------------------------------------                              
BASES DE DATOS                                                                  
INTELIGENCIA ARTIFICIAL                                                         
INFORMATICA BASICA                                                              
ALGEBRA                                                                         
CALCULO                                                                         
OPTIMIZACION                                                                    
GESTION DE RIESGOS                                                              

7 rows selected.

SQL> SELECT AR,A
  2  FROM ASIGNATURA,AREA
  3  WHERE ASIGNATURA.CAR=AREA.CAR;

AR                                                                              
------------------------------------------------------------                    
A                                                                               
--------------------------------------------------                              
LENGUAJES Y SISTEMAS INFORMATICOS                                               
BASES DE DATOS                                                                  
                                                                                
CIENCIAS DE LA COMPUTACION E INTELIGENCIA ARTIFICIAL                            
INTELIGENCIA ARTIFICIAL                                                         
                                                                                
LENGUAJES Y SISTEMAS INFORMATICOS                                               
ALMACENES DE DATOS                                                              
                                                                                

AR                                                                              
------------------------------------------------------------                    
A                                                                               
--------------------------------------------------                              
LENGUAJES Y SISTEMAS INFORMATICOS                                               
MINERIA DE DATOS                                                                
                                                                                
LENGUAJES Y SISTEMAS INFORMATICOS                                               
INFORMATICA BASICA                                                              
                                                                                
ALGEBRA                                                                         
ALGEBRA                                                                         
                                                                                

AR                                                                              
------------------------------------------------------------                    
A                                                                               
--------------------------------------------------                              
MATEMATICA APLICADA                                                             
CALCULO                                                                         
                                                                                
ESTADISTICA E INVESTIGACION OPERATIVA                                           
OPTIMIZACION                                                                    
                                                                                
CIENCIAS DE LA COMPUTACION E INTELIGENCIA ARTIFICIAL                            
GESTION DE RIESGOS                                                              
                                                                                

AR                                                                              
------------------------------------------------------------                    
A                                                                               
--------------------------------------------------                              
ASTRONOMIA Y ASTROFISICA                                                        
ASTRONOMIA                                                                      
                                                                                
DIDACTICA DE LA MATEMATICA                                                      
ENSENANZA DE LA MATEMATICA                                                      
                                                                                
ANALISIS MATEMATICO                                                             
ANALISIS COMPLEJO                                                               
                                                                                

12 rows selected.

SQL> SELECT D, AR
  2  FROM DEPARTAMENTO, AREA
  3  WHERE DEPARTAMENTO.CD=AREA.CD
  4  ORDER BY D, AR;

D                                                                               
------------------------------------------------------------                    
AR                                                                              
------------------------------------------------------------                    
ANALISIS MATEMATICO                                                             
ANALISIS MATEMATICO                                                             
                                                                                
ANALISIS MATEMATICO                                                             
DIDACTICA DE LA MATEMATICA                                                      
                                                                                
ANALISIS MATEMATICO                                                             
MATEMATICA APLICADA                                                             
                                                                                

D                                                                               
------------------------------------------------------------                    
AR                                                                              
------------------------------------------------------------                    
ASTROFISICA                                                                     
ASTRONOMIA Y ASTROFISICA                                                        
                                                                                
ESTADISTICA, INVESTIGACION OPERATIVA Y COMPUTACION                              
CIENCIAS DE LA COMPUTACION E INTELIGENCIA ARTIFICIAL                            
                                                                                
ESTADISTICA, INVESTIGACION OPERATIVA Y COMPUTACION                              
ESTADISTICA E INVESTIGACION OPERATIVA                                           
                                                                                

D                                                                               
------------------------------------------------------------                    
AR                                                                              
------------------------------------------------------------                    
ESTADISTICA, INVESTIGACION OPERATIVA Y COMPUTACION                              
LENGUAJES Y SISTEMAS INFORMATICOS                                               
                                                                                
MATEMATICA FUNDAMENTAL                                                          
ALGEBRA                                                                         
                                                                                

8 rows selected.

SQL> SELECT D, P
  2  FROM DEPARTAMENTO, PROFESOR, AREA
  3  WHERE (DEPARTAMENTO.CD=AREA.CD) AND
  4  (AREA.CAR=PROFESOR.CAR) ORDER BY D, P;

D                                                                               
------------------------------------------------------------                    
P                                                                               
------------------------------------------------------------                    
ANALISIS MATEMATICO                                                             
ANGELA                                                                          
                                                                                
ANALISIS MATEMATICO                                                             
FRANCISCO                                                                       
                                                                                
ANALISIS MATEMATICO                                                             
MARIO                                                                           
                                                                                

D                                                                               
------------------------------------------------------------                    
P                                                                               
------------------------------------------------------------                    
ASTROFISICA                                                                     
CARMEN                                                                          
                                                                                
ESTADISTICA, INVESTIGACION OPERATIVA Y COMPUTACION                              
CARLOS                                                                          
                                                                                
ESTADISTICA, INVESTIGACION OPERATIVA Y COMPUTACION                              
DAVID                                                                           
                                                                                

D                                                                               
------------------------------------------------------------                    
P                                                                               
------------------------------------------------------------                    
ESTADISTICA, INVESTIGACION OPERATIVA Y COMPUTACION                              
JOSE MANUEL                                                                     
                                                                                
ESTADISTICA, INVESTIGACION OPERATIVA Y COMPUTACION                              
JUAN                                                                            
                                                                                
ESTADISTICA, INVESTIGACION OPERATIVA Y COMPUTACION                              
MARIA                                                                           
                                                                                

D                                                                               
------------------------------------------------------------                    
P                                                                               
------------------------------------------------------------                    
ESTADISTICA, INVESTIGACION OPERATIVA Y COMPUTACION                              
PEDRO                                                                           
                                                                                
ESTADISTICA, INVESTIGACION OPERATIVA Y COMPUTACION                              
SOLEDAD                                                                         
                                                                                
MATEMATICA FUNDAMENTAL                                                          
IVAN                                                                            
                                                                                

12 rows selected.

SQL> SPOOL OFF
